\BOOKMARK [1][-]{section.1}{\376\377\133\236\232\214\151\202\217\360}{}% 1
\BOOKMARK [1][-]{section.2}{\376\377\133\236\232\214\163\257\130\203}{}% 2
\BOOKMARK [1][-]{section.3}{\376\377\213\376\130\002\133\236\232\214}{}% 3
\BOOKMARK [2][-]{subsection.3.1}{\376\377\133\236\232\214\116\224\377\032\143\247\122\066\116\000\116\052\123\357\156\005\164\006\166\204\124\016\123\360\116\373\122\241}{section.3}% 4
\BOOKMARK [3][-]{subsubsection.3.1.1}{\376\377\133\236\232\214\166\356\166\204}{subsection.3.1}% 5
\BOOKMARK [3][-]{subsubsection.3.1.2}{\376\377\121\163\225\056\217\307\172\013}{subsection.3.1}% 6
\BOOKMARK [2][-]{subsection.3.2}{\376\377\122\033\136\372\136\166\217\320\210\114\000S\000h\000e\000l\000l\201\032\147\054}{section.3}% 7
\BOOKMARK [2][-]{subsection.3.3}{\376\377\146\202\120\134\122\115\123\360\116\373\122\241\136\166\145\076\121\145\124\016\123\360}{section.3}% 8
\BOOKMARK [2][-]{subsection.3.4}{\376\377\203\267\123\326\217\333\172\013\123\367}{section.3}% 9
\BOOKMARK [2][-]{subsection.3.5}{\376\377\123\321\220\001\176\310\153\142\117\341\123\367}{section.3}% 10
\BOOKMARK [2][-]{subsection.3.6}{\376\377\117\177\165\050\000t\000r\000a\000p\142\147\210\114\156\005\164\006\144\315\117\134}{section.3}% 11
\BOOKMARK [2][-]{subsection.3.7}{\376\377\150\300\147\345\133\236\232\214\176\323\147\234}{section.3}% 12
\BOOKMARK [3][-]{subsubsection.3.7.1}{\376\377\133\236\232\214\176\323\147\234}{subsection.3.7}% 13
\BOOKMARK [3][-]{subsubsection.3.7.2}{\376\377\225\356\230\230\122\006\147\220\116\016\117\123\117\032}{subsection.3.7}% 14
\BOOKMARK [2][-]{subsection.3.8}{\376\377\133\236\232\214\121\155\377\032\117\177\165\050\000\040\000R\000u\000f\000f\000\040\124\214\000\040\000p\000y\000t\000e\000s\000t\000\040\133\214\125\204\000\040\000P\000y\000t\000h\000o\000n\000\040\230\171\166\356}{section.3}% 15
\BOOKMARK [2][-]{subsection.3.9}{\376\377\133\236\232\214\116\003\377\032\117\177\165\050\000\040\000p\000d\000b\060\001\000p\000y\000t\000e\000s\000t\000\040\124\214\000\040\000G\000i\000t\000\040\214\003\213\325\137\122\136\166\143\222\136\217\172\013\136\217}{section.3}% 16
\BOOKMARK [2][-]{subsection.3.10}{\376\377\133\236\232\214\121\153\377\032\117\177\165\050\000\040\000c\000P\000r\000o\000f\000i\000l\000e\000\040\122\006\147\220\136\166\117\030\123\026\000\040\000P\000y\000t\000h\000o\000n\000\040\172\013\136\217\140\047\200\375}{section.3}% 17
\BOOKMARK [1][-]{section.4}{\376\377\213\376\124\016\176\303\116\140}{}% 18
\BOOKMARK [1][-]{section.5}{\376\377\213\376\124\016\176\303\116\140}{}% 19
\BOOKMARK [2][-]{subsection.5.1}{\376\377\176\303\116\140\0001\377\032\000l\000s\000\040\000-\000l}{section.5}% 20
\BOOKMARK [2][-]{subsection.5.2}{\376\377\176\303\116\140\0002\377\032\000G\000l\000o\000b\000\040\220\032\221\115\152\041\137\017}{section.5}% 21
\BOOKMARK [2][-]{subsection.5.3}{\376\377\176\303\116\140\0003\377\032\117\177\165\050\124\175\116\344\217\336\143\245\173\046\143\247\122\066\142\147\210\114\230\172\136\217}{section.5}% 22
\BOOKMARK [2][-]{subsection.5.4}{\376\377\176\303\116\140\0004\377\032\122\033\136\372\124\214\117\177\165\050\000\040\000S\000h\000e\000l\000l\000\040\122\053\124\015}{section.5}% 23
\BOOKMARK [2][-]{subsection.5.5}{\376\377\176\303\116\140\0005\377\032\176\337\213\241\123\206\123\362\124\175\116\344\166\204\117\177\165\050\230\221\163\207}{section.5}% 24
\BOOKMARK [2][-]{subsection.5.6}{\376\377\176\303\116\140\0006\377\032\117\177\165\050\000\040\000G\000i\000t\000\040\173\241\164\006\221\115\177\156\145\207\116\366}{section.5}% 25
\BOOKMARK [2][-]{subsection.5.7}{\376\377\176\303\116\140\0007\377\032\201\352\133\232\116\111\000\040\000S\000h\000e\000l\000l\000\040\143\320\171\072\173\046}{section.5}% 26
\BOOKMARK [2][-]{subsection.5.8}{\376\377\176\303\116\140\0008\377\032\177\026\121\231\000\040\000d\000o\000t\000f\000i\000l\000e\000s\000\040\201\352\122\250\133\211\210\305\201\032\147\054}{section.5}% 27
\BOOKMARK [1][-]{section.6}{\376\377\000G\000i\000t\000H\000u\000b\000/\000G\000i\000t\000e\000e\000\040\116\323\136\223\116\016\143\320\116\244\213\260\137\125}{}% 28
\BOOKMARK [1][-]{section.7}{\376\377\133\236\232\214\140\073\176\323}{}% 29
\BOOKMARK [1][-]{section.8}{\376\377\000G\000i\000t\000H\000u\000b\000/\000G\000i\000t\000e\000e\000\040\116\323\136\223\116\016\143\320\116\244\213\260\137\125}{}% 30
\BOOKMARK [1][-]{section.9}{\376\377\133\236\232\214\140\073\176\323}{}% 31
